鍒犻櫎鍓? 1521

===== 鍒犻櫎/淇濈暀瀵圭収锛堜汉宸ュ鏍哥敤锛?====
--- 鍒?lib_04881146676a銆岃嚜鍔ㄥ紑鍏崇殑鐏€?淇?lib_1109722c5e9b銆屽弽澶嶅紑鍏崇殑鐏€?| 鐏嚜鍔ㄥ紑鍏?鐢垫皵鏁呴殰锛屽悓涓€棰?
    鍒犲簳: 鐏叿鐨勬劅搴斿櫒鍧忎簡锛屽鑷寸伅涓嶅畾鏃跺紑鍏炽€?
    淇濆簳: 浠栫殑鐢电伅寮€鍏虫帴瑙︿笉鑹紝瀵艰嚧鐏厜鏃跺紑鏃跺叧銆?
--- 鍒?lib_641dec1f9ed2銆?61 路 涔︿綔鑰呫€?淇?lib_146ba5100f1f銆屾病鑺辨帀鐨勪竴鐧惧厓銆?| 浣滆€呭湪鑷繁涔﹂噷澶归挶楠岃瘉鏈夋棤璇昏€咃紝鍚屼竴棰?
    鍒犲簳: 澶у崥鏄繖鏈功鐨勪綔鑰咃紝浠栨斁杩涘幓涓€鐧惧厓鏄兂鐪嬬湅杩欐湰涔︽湁娌℃湁浜烘潵鍊熼槄銆傜粨鏋滈挶杩樺湪锛岃瘉鏄庢病浜烘潵鐪嬶紝浠栭潪甯镐激蹇冦€?
    淇濆簳: 灏忔槑鏄竴涓笉鐏殑浣滃锛屼粬鍦ㄥ浘涔﹂鑷繁鍐欑殑涔﹂噷鏀句簡寮?00鍏冿紝濡傛灉鏈変汉鐪嬪埌灏变細鎷胯蛋琛ㄧず鏈変汉鐪嬩簡浠栫殑涔︼紝鑰岃嚦浠婅繖10
--- 鍒?lib_63cc13c14001銆屾秷澶辩殑鏃╅銆?淇?lib_15397666d0dc銆屾秷澶辩殑鏃╅銆?| 鐙楀伔鍚冩棭椁愶紝鍚屼竴棰樹袱绉嶆帾杈?
    鍒犲簳: 浠栫殑鐙楀伔鍋锋妸鏃╅鍙艰蛋鍚冩帀浜嗐€?
    淇濆簳: 瀹堕噷鐨勭嫍瓒佷粬娌℃敞鎰忓伔鍚冧簡鏃╅銆?
--- 鍒?lib_d03a68f1e0d1銆屼笉鑳借繘姘寸殑澶淬€?淇?lib_255999f4f6ba銆屾礂澶淬€?| 瀵濆娲楀ご鑷村鍙嬩笌鑷繁姝讳骸锛屽悓涓€棰?
    鍒犲簳: 鎴戠殑鐖舵瘝鏄鐮斾汉鍛橈紝浣嗘垜鍗翠笉骞稿緱浜嗙粷鐥囷紝鍦ㄦ垜寮ョ暀涔嬮檯锛岀埗姣嶄负鎴戞墦閫犱簡涓€鍓満鍣ㄨ函浣擄紝淇濅綇浜嗘垜鐨勫ぇ鑴戯紝浣嗘垜鐨勫ご涓嶈兘杩?
    淇濆簳: 鎴戞槸涓€涓満鍣ㄤ汉锛岃韬负绉戠爺浜哄憳鐨勭埗姣嶇Щ妞嶄簡浠栦滑濂冲効鐨勮蹇嗭紝鐢变簬鏈哄櫒浜轰笉鑳芥礂澶存簿姘达紝浣嗘槸浠栦滑鐨勫コ鍎挎湁娲佺櫀锛屼簬鏄皢澶?
--- 鍒?lib_056db100d29a銆岀湅涓嶈鐨勭敓鏃ャ€?淇?lib_2bfce712eedb銆岀敓鏃ュ揩涔愩€?| 鐩蹭汉鍚硅湣鐑浡烽紦鎺屾毚闇插彧鐮嶄簡浠栫殑鎵嬶紝鍚屼竴棰?
    鍒犲簳: 鐢蜂富鍜屾湅鍙嬫浘缁忎竴璧峰幓鎺㈤櫓锛屼竴娈垫椂闂村悗娌℃湁浜嗛鐗╋紝鍥犱负鐢蜂富鏈韩鏄竴涓洸浜猴紝鎵€浠ヨ繖甯湅鍙嬮兘楠椾粬璇存瘡浜虹爫涓嬩竴鍙墜鏉ュ悆锛?
    淇濆簳: 锛氱敓鏃ョ殑涓昏鏄洸鐨勶紝鏇剧粡杩欎竴鍫嗕汉涓€璧峰嚭鍘荤帺锛岄€斾腑閬囧埌浜嗗嵄闄╋紝涔熸病鏈夊彲浠ュ悆鐨勪笢瑗夸簡锛屼粬浠瑕佹瘡涓汉鐮嶄竴鍙?鎵嬩笅鏉ュ悆
--- 鍒?lib_09a8742453b7銆屽瘋闈欎箣鍚庛€?淇?lib_43e1934bbc83銆岄煶涔愬仠浜嗐€?| 钂欑溂璧伴挗涓澛蜂箰澹板仠=钀借剼淇″彿锛屽悓瑙?
    鍒犲簳: 涓€浣嶅け鏄庣殑璧伴挗涓濆コ婕斿憳鍦ㄩ珮绌鸿〃婕旈珮闅惧害鏉傛妧銆傛寜鐓у墽鏈紝濂硅鍦ㄤ箰甯堝仠姝㈡紨濂忕殑閭ｄ竴鍒讳粠閽笣涓婅烦涓嬨€? 杩欎竴澶╋紝涔愬笀韬?
    淇濆簳: 濂规槸椹垙鍥㈣蛋閽笣鐨勬紨鍛橈紝鏈€鎯婇櫓鐨勮妭鐩槸钂欑溂杩囬挗涓濓紝鐞村０浼撮殢濂瑰叏绋嬶紝闊充箰鍋滄灏辨槸鈥滃凡鍒扮粓鐐广€佸彲浠ヨ惤鑴氣€濈殑淇″彿銆傞偅澶?
--- 鍒?lib_e09338da20be銆岄煶涔愩€?淇?lib_43e1934bbc83銆岄煶涔愬仠浜嗐€?| 鍚屼笂锛堝仠鐢电増锛?
    鍒犲簳: 浠栨槸涓瀻瀛愬湪楂樼┖琛ㄦ紨璧伴挗涓濓紝涓€缇や汉鍦ㄧ湅銆傛湁浜烘斁闊充箰锛屼粬浠害瀹氬ソ闊充箰鍋滀簡灏辨槸浠栬蛋鍒板敖澶翠簡锛屽彲鏄腑閫旓紝绐佺劧鍋滅數浜嗭紝闊?
    淇濆簳: 濂规槸椹垙鍥㈣蛋閽笣鐨勬紨鍛橈紝鏈€鎯婇櫓鐨勮妭鐩槸钂欑溂杩囬挗涓濓紝鐞村０浼撮殢濂瑰叏绋嬶紝闊充箰鍋滄灏辨槸鈥滃凡鍒扮粓鐐广€佸彲浠ヨ惤鑴氣€濈殑淇″彿銆傞偅澶?
--- 鍒?lib_4195efaab01e銆屾彁鍓嶅仠涓嬬殑闊充箰銆?淇?lib_43e1934bbc83銆岄煶涔愬仠浜嗐€?| 鍚屼笂锛堜箰鎵嬭捣鏉€蹇冪増锛?
    鍒犲簳: 濂充汉鏄┈鎴忓洟鐨勯珮绌洪挗涓濇紨鍛橈紝琛ㄦ紨鏃惰挋鐫€鐪肩潧銆佹病鏈夊畨鍏ㄧ綉锛屽叏闈犻煶涔愪即濂忚蛋瀹屽叏绋嬨€備箰鎵嬫湰璇ュ湪濂硅蛋鍒伴挗涓濆敖澶存椂鍋滀笅婕斿
    淇濆簳: 濂规槸椹垙鍥㈣蛋閽笣鐨勬紨鍛橈紝鏈€鎯婇櫓鐨勮妭鐩槸钂欑溂杩囬挗涓濓紝鐞村０浼撮殢濂瑰叏绋嬶紝闊充箰鍋滄灏辨槸鈥滃凡鍒扮粓鐐广€佸彲浠ヨ惤鑴氣€濈殑淇″彿銆傞偅澶?
--- 鍒?lib_57c970bf7a82銆屾柇鎺夌殑纾佸甫銆?淇?lib_43e1934bbc83銆岄煶涔愬仠浜嗐€?| 鍚屼笂锛堢甯︽柇鐗堬紝姹ゅ簳杩樿嚜鎸囥€屽拰閽笣婕斿憳鐨勬儴鍓т竴鏍枫€嶏級
    鍒犲簳: 鍜岄挗涓濇紨鍛樼殑鎯ㄥ墽涓€鏍凤細浠栨槸钂欑溂鐨勯珮绌鸿蛋閽笣鑰咃紝闈犻煶涔愬垽鏂綅缃€傞偅澶╂挱鏀句即濂忕殑纾佸甫绐佺劧鏂簡锛岄煶涔愭垱鐒惰€屾銆備粬浠ヤ负鍒?
    淇濆簳: 濂规槸椹垙鍥㈣蛋閽笣鐨勬紨鍛橈紝鏈€鎯婇櫓鐨勮妭鐩槸钂欑溂杩囬挗涓濓紝鐞村０浼撮殢濂瑰叏绋嬶紝闊充箰鍋滄灏辨槸鈥滃凡鍒扮粓鐐广€佸彲浠ヨ惤鑴氣€濈殑淇″彿銆傞偅澶?
--- 鍒?lib_bb9b8da83f0b銆屾洸缁堜汉浜′笁瑙ｃ€?淇?lib_43e1934bbc83銆岄煶涔愬仠浜嗐€?| 銆屼笁瑙ｃ€嶆嫾鐩橈紝鍏朵腑涓€瑙ｅ嵆璧伴挗涓濓紝涓庝繚鐣欐潯閲嶅
    鍒犲簳: 鍙兘鏈夊ソ鍑犵锛氬ス鏄挋鐪艰蛋閽笣鐨勬紨鍛橈紝涔愬０鍋滄鏈鏄畨鍏ㄨ惤鍦扮殑淇″彿锛屽嵈鏈変汉鏁呮剰鎻愬墠鎺愭柇锛涘ス鏄瓕鍓уコ涓昏锛屼竴鏇茬粓浜嗘
    淇濆簳: 濂规槸椹垙鍥㈣蛋閽笣鐨勬紨鍛橈紝鏈€鎯婇櫓鐨勮妭鐩槸钂欑溂杩囬挗涓濓紝鐞村０浼撮殢濂瑰叏绋嬶紝闊充箰鍋滄灏辨槸鈥滃凡鍒扮粓鐐广€佸彲浠ヨ惤鑴氣€濈殑淇″彿銆傞偅澶?
--- 鍒?lib_9d27d7019398銆?92 路 缁忓吀鍙樹綋銆?淇?lib_44433fb07ea5銆屾捣闅惧悗鐨勬捣榫熸堡銆?| 娴烽緹姹ゆ湰姹ょ粡鍏搁锛屾堡搴撳唴宸叉湁瀹屾暣鐗?
    鍒犲簳: 鐢峰瓙鏇鹃伃閬囨捣闅撅紝楗ュ瘨浜よ揩涓悓浼寸粰浜嗕粬涓€纰?娴烽緹姹?锛岃浠栨椿浜嗕笅鏉ャ€備粬涓€鐩翠互涓洪偅鏄瀛愮殑鑲夛紝甯︾潃鎰х枤鍜屾偛鐥涙椿浜嗗骞?
    淇濆簳: 鐢峰瓙澶氬勾鍓嶆浘閬亣娴烽毦锛岀敱浜庨鐗╄€楀敖锛屼粬鐨勫悓浼撮€掔粰浠栦竴纰楄倝姹わ紝骞惰皫绉伴偅鏄€樻捣榫熻倝鈥欍€傜敺瀛愰潬杩欑姹ゆ椿浜嗕笅鏉ワ紝浣嗕粬鐨勪翰
--- 鍒?lib_cf3e6fe7ac2d銆?91 路 鍘熺増娴烽緹姹わ紙蹇呯帺銆?淇?lib_44433fb07ea5銆屾捣闅惧悗鐨勬捣榫熸堡銆?| 娴烽緹姹ゆ湰姹ょ粡鍏搁锛?91鍘熺増锛?
    鍒犲簳: 鐢峰瓙鍜屽瀛愬湪娴烽毦涓糠澶憋紝濡诲瓙鍏堝悗姝诲幓銆傚悓琛岃€呯敤"娴烽緹姹?鍝勪粬娲讳簡涓嬫潵銆傚悗鏉ュ湪椁愬巺閲屽枬鍒扮湡姝ｇ殑娴烽緹姹ゅ悗锛屼粬鎵嶆剰璇嗗埌
    淇濆簳: 鐢峰瓙澶氬勾鍓嶆浘閬亣娴烽毦锛岀敱浜庨鐗╄€楀敖锛屼粬鐨勫悓浼撮€掔粰浠栦竴纰楄倝姹わ紝骞惰皫绉伴偅鏄€樻捣榫熻倝鈥欍€傜敺瀛愰潬杩欑姹ゆ椿浜嗕笅鏉ワ紝浣嗕粬鐨勪翰
--- 鍒?lib_bb9cfe3405ab銆屾捣榫熸堡銆?淇?lib_44433fb07ea5銆屾捣闅惧悗鐨勬捣榫熸堡銆?| 娴烽緹姹ゆ湰姹ょ粡鍏搁锛堟亱浜鸿倝鐗堬級
    鍒犲簳: 鐢峰瓙鍦ㄦ暟骞村墠涓庢亱浜轰竴鍚岄伃閬囨捣闅撅紝鍦ㄦ捣涓婃紓娴佷簡涓€闃靛瓙锛岀敋鑷冲樊鐐归タ姝汇€傚湪鏈€鍗辨€ョ殑鏃跺€欙紝鎭嬩汉鍋氫簡涓€纰楁捣榫熸堡缁欑敺瀛愶紝娆洪獥
    淇濆簳: 鐢峰瓙澶氬勾鍓嶆浘閬亣娴烽毦锛岀敱浜庨鐗╄€楀敖锛屼粬鐨勫悓浼撮€掔粰浠栦竴纰楄倝姹わ紝骞惰皫绉伴偅鏄€樻捣榫熻倝鈥欍€傜敺瀛愰潬杩欑姹ゆ椿浜嗕笅鏉ワ紝浣嗕粬鐨勪翰
--- 鍒?lib_ef652fe14c3e銆岀數姊噷鐨勪汉銆?淇?lib_5a74db2ed992銆岀數姊噷鐨勭敺浜恒€?| 鐢垫渚忓剴锛堥洦浼炴寜鎸夐挳锛夌粡鍏搁锛屼繚鐣欐渶瀹屾暣鐗?
    鍒犲簳: 杩欎釜鐢蜂汉寮傚父鐭皬銆備粬鍙兘鎸夊埌11妤肩殑鎸夐挳銆傚鏋滅數姊噷杩樻湁鍏朵粬浜猴紝浠栦細瑕佹眰浠栦滑鎸変粬鎵€鍦ㄦゼ灞傜殑鎸夐挳銆傚鏋滀笅闆ㄤ簡锛屼粬灏?
    淇濆簳: 杩欎釜鐢蜂汉鏄釜渚忓剴銆備粬澶熶笉鍒?0妤肩殑鎸夐挳銆傚ぉ鏅存椂浠栨渶楂樺彧鑳芥寜鍒?0妤硷紱涓嬮洦鏃朵粬鍙互鐢ㄩ洦浼炲皷椤舵寜鍒?0妤笺€?
--- 鍒?lib_4d4ae7aa267f銆屽涓嶇潃鐨勬寜閽€?淇?lib_5a74db2ed992銆岀數姊噷鐨勭敺浜恒€?| 鐢垫渚忓剴锛屽悓涓€棰樻崲妤煎眰鏁板瓧
    鍒犲簳: 閭ｄ釜浜轰釜瀛愬緢鐭紝鏈変汉鐨勮瘽鍙互甯繖鎸夛紝涓嬮洦澶╂湁浼炴寜锛屽钩鏃舵病浜烘病浼炲涓嶇潃12妤肩殑鎸夐敭锛屽彧鑳芥寜鍒?0妤硷紝鐒跺悗璧板洖瀹?
    淇濆簳: 杩欎釜鐢蜂汉鏄釜渚忓剴銆備粬澶熶笉鍒?0妤肩殑鎸夐挳銆傚ぉ鏅存椂浠栨渶楂樺彧鑳芥寜鍒?0妤硷紱涓嬮洦鏃朵粬鍙互鐢ㄩ洦浼炲皷椤舵寜鍒?0妤笺€?
--- 鍒?lib_5267d633ce14銆屽涓嶅埌鐨勬寜閽€?淇?lib_5a74db2ed992銆岀數姊噷鐨勭敺浜恒€?| 鐢垫渚忓剴锛屽悓涓€棰樻崲妤煎眰鏁板瓧
    鍒犲簳: 杩欎釜鐢蜂汉涓瓙寰堢煯锛屾寜涓€灞傜殑鎸夐挳涓嶆垚闂锛屼絾浠栧涓嶅埌鍗佸眰鐨勬寜閽€備粬鏈€楂樺彧鑳芥寜鍒颁竷灞傜殑鎸夐挳銆?
    淇濆簳: 杩欎釜鐢蜂汉鏄釜渚忓剴銆備粬澶熶笉鍒?0妤肩殑鎸夐挳銆傚ぉ鏅存椂浠栨渶楂樺彧鑳芥寜鍒?0妤硷紱涓嬮洦鏃朵粬鍙互鐢ㄩ洦浼炲皷椤舵寜鍒?0妤笺€?
--- 鍒?lib_fddab6f49384銆屽惉涓嶈鐨勬捣宀搞€?淇?lib_6a2910380309銆屾敹闊虫満鍋滀簡銆?| 鐩蹭汉娓告吵鑰呴潬鏀堕煶鏈哄洖宀革紝姹ゅ簳鍚岃В
    鍒犲簳: 浠栨槸涓洸浜烘父娉宠€咃紝鍦ㄦ捣閲屽叏闈犲哺杈逛竴鍙伴殢韬敹闊虫満鐨勯煶涔愭潵鍒ゆ柇鏂瑰悜鍜屼綍鏃舵父鍥炲哺銆?鐢垫睜鑰楀敖锛岄煶涔愪竴鍋滐紝浠栧湪澶ф捣閲屽け鍘?
    淇濆簳: 浠栨槸鐩蹭汉娓告吵鑰咃紝闈犳矙婊╀笂涓€鍙版敹闊虫満鐨勯煶涔愬垽鏂綍鏃舵湞鍝釜鏂瑰悜鍥炲哺銆傞偅澶╃數姹犺€楀敖浜嗭紝闊充箰鎴涚劧鑰屾鈥斺€斾粬鍦ㄦ瀵傞噷杩峰け鏂?
--- 鍒?lib_153b82ead579銆岄搩澹颁袱鍝嶃€?淇?lib_6a2910380309銆屾敹闊虫満鍋滀簡銆?| 鐩蹭汉娓告吵鑰呴潬閾冨０鍒ゆ柇鏂瑰悜锛屽悓涓€姹ゅ簳鎹㈡垚闂归挓/娴搩
    鍒犲簳: 浠栨槸鐩蹭汉娓告吵鑰咃紝闈犻椆閽熼搩澹板垽鏂綍鏃舵湞鍝釜鏂瑰悜娓稿悜宀歌竟銆傜涓€澹版槸鑸爣娴搩锛屼粬璇父浜嗚繃鍘伙紝绮剧柌鍔涚婧烘按鑰屼骸锛涢殢鍚庯紝宀?
    淇濆簳: 浠栨槸鐩蹭汉娓告吵鑰咃紝闈犳矙婊╀笂涓€鍙版敹闊虫満鐨勯煶涔愬垽鏂綍鏃舵湞鍝釜鏂瑰悜鍥炲哺銆傞偅澶╃數姹犺€楀敖浜嗭紝闊充箰鎴涚劧鑰屾鈥斺€斾粬鍦ㄦ瀵傞噷杩峰け鏂?
--- 鍒?lib_314cc038dce2銆屽€熶功銆?淇?lib_71e675399a64銆岀浜斿崄椤电殑璁板彿銆?| 涓嶈瘑瀛楃殑浜哄€熶功缈诲埌鏌愰〉鐪嬭鍙凤紝鍚屼竴棰?
    鍒犲簳: 杩欎綅鑰佷汉涓嶈瘑瀛楋紝鑰屼粬鐨勫瀛愯吙鑴氫笉渚匡紝浜庢槸姣忔鐪嬪畬閮藉湪30椤靛仛涓婅鍙凤紝鍐嶅€熶功鐨勬椂鍊欑湅鍒拌鍙峰氨涓嶅€熶簡銆?
    淇濆簳: 鑰佸﹩濠嗙殑涓堝か琛屽姩涓嶄究锛屼絾鑴戝瓙杩樻槸寰堟竻妤氾紝鑰屼笖闈炲父鍠滅埍闃呰銆傚洜姝よ€佸﹩濠嗕负浜嗘棤娉曚笅搴婄殑涓堝か锛屽嚑涔庡ぉ澶╅兘鍒板浘涔﹂澶ч噺鍊?
--- 鍒?lib_9a2bf4d46848銆屼竴鏍圭伀鏌淬€?淇?lib_73c238975974銆屽崐鏍圭伀鏌淬€?| 鍗婃牴鐏煷/鐑皵鐞冩娊绛撅紝鍚屼竴缁忓吀棰?
    鍒犲簳: 浠栧拰鍙﹀鍑犱釜浜轰竴璧蜂箻鐑皵鐞冪┛瓒婃矙婕犮€傜儹姘旂悆琚墡鐮翠簡锛屼粬浠紑濮嬩笅闄嶃€備粬浠妸鎵€鏈変笉蹇呰鐨勪笢瑗块兘鎵斾笅浜嗗悐绡紝鎺ョ潃鍙堟墧鎺?
    淇濆簳: 浠栧拰鍚屼即涔樼儹姘旂悆绌胯秺娌欐紶锛屾皵鐞冭秴閲嶉渶鍑忛噸锛屾娊绛惧喅瀹氳皝璺充笅鍘伙紝浠栨娊鍒颁簡鏈€鐭殑鍗婃牴鐏煷銆?
--- 鍒?lib_c8cac6026c94銆屾渶鍚庝竴鏍圭伀鏌淬€?淇?lib_73c238975974銆屽崐鏍圭伀鏌淬€?| 鏈€鍚庝竴鏍圭伀鏌?鐑皵鐞冩娊绛撅紝鍚屼竴缁忓吀棰?
    鍒犲簳: 浠栨槸鐑皵鐞冧笂鐨勬帰闄╁锛屾皵鐞冩紡姘斾簡蹇呴』鍑忛噸銆備粬鎶界鎶藉埌鈥滆烦涓嬪幓鈥濓紝鍒掔伀鏌存槸涓轰簡鐪嬫竻绛句笂鏄笉鏄嚜宸辩殑鍚嶅瓧鈥斺€旂湅娓呭悗浠?
    淇濆簳: 浠栧拰鍚屼即涔樼儹姘旂悆绌胯秺娌欐紶锛屾皵鐞冭秴閲嶉渶鍑忛噸锛屾娊绛惧喅瀹氳皝璺充笅鍘伙紝浠栨娊鍒颁簡鏈€鐭殑鍗婃牴鐏煷銆?
--- 鍒?lib_d3c52f26b4cd銆岀伅濉斿叧鐏€?淇?lib_776b70302820銆?24 路 鍏崇伅銆?| 鐏鐪嬪畧鍏崇伅鑷磋埞闅捐嚜鏉€锛屽悓涓€缁忓吀棰?
    鍒犲簳: 浠栨槸鐏瀹堟姢浜猴紝浠栧叧鎺夌殑鏄伅濉旂殑涓荤伅銆傞偅澶╁閲岋紝鑷冲皯鏈変笁鑹樿埞鍥犱负澶卞幓鐏鎸囧紩鑰屽彂鐢熶簡纰版挒锛屾湁鏁板崄浜哄湪榛戞殫鐨勬捣涓婇亣
    淇濆簳: 灏忔槑鏄捣涓婄伅濉旂殑瀹堟姢浜猴紝浠栧崐澶滆捣鏉ラ『鎵嬫妸鐏鐨勭伅鍏虫帀浜嗐€傞偅浜涗緷闈犵伅濉斿鑸殑澶у瀷鑸瑰彧鍥犳澶卞幓鏂瑰悜锛屽彂鐢熸捣闅撅紝灏忔槑鑷?
--- 鍒?lib_b3baae0cd56a銆岀唲鐏殑鐏銆?淇?lib_776b70302820銆?24 路 鍏崇伅銆?| 鍚屼笂锛堝閲屽叧鐏?鐏锛?
    鍒犲簳: 杩欎釜鐢蜂汉鏄伅濉旂湅瀹堜汉銆備粬鏃犳剰涓叧鎺変簡鐏鐨勭伅锛岄€犳垚浜嗗嚑璧锋矇鑸逛簨鏁呫€傚綋浠栭啋鏉ユ椂锛屼粬鎰忚瘑鍒颁簡鑷繁鍋氫簡浠€涔堛€?
    淇濆簳: 灏忔槑鏄捣涓婄伅濉旂殑瀹堟姢浜猴紝浠栧崐澶滆捣鏉ラ『鎵嬫妸鐏鐨勭伅鍏虫帀浜嗐€傞偅浜涗緷闈犵伅濉斿鑸殑澶у瀷鑸瑰彧鍥犳澶卞幓鏂瑰悜锛屽彂鐢熸捣闅撅紝灏忔槑鑷?
--- 鍒?lib_90d8b1927623銆屾繁澶滅殑鏀堕煶鏈恒€?淇?lib_776b70302820銆?24 路 鍏崇伅銆?| 鍚屼笂锛堝叧鏀堕煶鏈?鍏崇伅濉旂伅锛?
    鍒犲簳: 杩欏悕鐢峰瓙鏄伅濉斿畧鎶や汉銆備粬鍏虫帀鐨勪笉鏄敹闊虫満锛岃€屾槸鐏鐨勭収鏄庣伅銆傜浜屽ぉ鏂伴椈鎶ラ亾鏄ㄦ櫄鏈夊法杞洜鐏鐔勭伃鑰岃Е绀佹矇娌★紝鏁扮櫨浜?
    淇濆簳: 灏忔槑鏄捣涓婄伅濉旂殑瀹堟姢浜猴紝浠栧崐澶滆捣鏉ラ『鎵嬫妸鐏鐨勭伅鍏虫帀浜嗐€傞偅浜涗緷闈犵伅濉斿鑸殑澶у瀷鑸瑰彧鍥犳澶卞幓鏂瑰悜锛屽彂鐢熸捣闅撅紝灏忔槑鑷?
--- 鍒?lib_a8471499667e銆岀伅濉旂湅瀹堝憳銆?淇?lib_776b70302820銆?24 路 鍏崇伅銆?| 鍚屼笂锛堟帹闂ㄨ鐏鐏級
    鍒犲簳: 杩欎釜鐢蜂汉鏄伅濉旂鐞嗗憳锛屼粬鍙戠幇鐏鐨勭伅鐏簡锛屾剰璇嗗埌鍥犱负鑷繁鐨勭枏蹇藉鑷磋埞鍙け浜嬶紝鎰х枤涔嬩笅閫夋嫨浜嗚烦妤笺€?
    淇濆簳: 灏忔槑鏄捣涓婄伅濉旂殑瀹堟姢浜猴紝浠栧崐澶滆捣鏉ラ『鎵嬫妸鐏鐨勭伅鍏虫帀浜嗐€傞偅浜涗緷闈犵伅濉斿鑸殑澶у瀷鑸瑰彧鍥犳澶卞幓鏂瑰悜锛屽彂鐢熸捣闅撅紝灏忔槑鑷?
--- 鍒?lib_531fe2908aac銆屾ゼ姊笂鐨勮剼鍗般€?淇?lib_8149a55c2cf7銆岀绉樼殑鑴氬嵃銆?| 婕忔按褰㈡垚绫昏剼鍗版按娓嶏紝姹ゅ簳 jac0.44 鍚岃В
    鍒犲簳: 灞嬮《婕忔按婊村湪妤兼涓婏紝褰㈡垚浜嗙被浼艰剼鍗扮殑姘存笉銆?
    淇濆簳: 妤间笂鐨勯偦灞呮按绠℃紡姘达紝姘存淮閫忚繃澶╄姳鏉挎淮钀藉湪鍦版澘涓婂舰鎴愪簡鐥曡抗銆?
--- 鍒?lib_1b25c1841aea銆屽鏅氱殑褰卞瓙銆?淇?lib_83fccebd826a銆岀獥澶栫殑褰卞瓙銆?| 闃冲彴琛ｆ湇鎶曞奖锛屾堡搴?jac0.41 鍚岃В
    鍒犲簳: 閭ｆ槸鏅惧湪闃冲彴涓婄殑琛ｆ湇锛岃椋庡惞鍔ㄥ悗鍙嶅皠鍒扮獥鎴蜂笂褰㈡垚鐨勫奖瀛愩€?
    淇濆簳: 鏄寕鍦ㄩ槼鍙颁笂鐨勮。鏈嶈椋庡惞鍔紝褰卞瓙鎶曞皠鍦ㄧ獥鎴蜂笂銆?
--- 鍒?lib_5a07724b936e銆屾秷澶辩殑闉嬪瓙銆?淇?lib_87cf5cda72ec銆屾秷澶辩殑闉嬪瓙銆?| 閭诲眳鐙楀徏璧伴瀷锛?7c 缁嗚妭鏈€鍏?
    鍒犲簳: 鏄偦灞呭鐨勭嫍鎶婇瀷鍙艰蛋浜嗭紝钘忓湪鑽変笡閲屻€?
    淇濆簳: 閭诲眳瀹剁殑鐙椾細瓒佹垜鐫¤鏃跺徏璧伴瀷瀛愶紝鎷栧洖鑷繁绐濋噷褰撶帺鍏枫€?
--- 鍒?lib_b14834641b71銆屾秷澶辩殑闉嬪瓙銆?淇?lib_87cf5cda72ec銆屾秷澶辩殑闉嬪瓙銆?| 閭诲眳鐙楀徏闉嬪綋鐜╁叿锛屽悓涓?
    鍒犲簳: 鏄偦灞呭鐨勭嫍鏅氫笂鍋疯蛋闉嬪瓙褰撶帺鍏枫€?
    淇濆簳: 閭诲眳瀹剁殑鐙椾細瓒佹垜鐫¤鏃跺徏璧伴瀷瀛愶紝鎷栧洖鑷繁绐濋噷褰撶帺鍏枫€?
--- 鍒?lib_6484e3174027銆屾秷澶辩殑闉嬪瓙銆?淇?lib_87cf5cda72ec銆屾秷澶辩殑闉嬪瓙銆?| 閭诲眳鐙楀徏璧伴瀷锛屽悓涓?
    鍒犲簳: 閭诲眳鐨勭嫍鍙艰蛋浜嗕粬鐨勯瀷瀛愩€?
    淇濆簳: 閭诲眳瀹剁殑鐙椾細瓒佹垜鐫¤鏃跺徏璧伴瀷瀛愶紝鎷栧洖鑷繁绐濋噷褰撶帺鍏枫€?
--- 鍒?lib_586e3435151a銆岀绉樼殑闂ㄩ搩銆?淇?lib_9d1ba3a3e810銆屾棤娉曞仠姝㈢殑闂ㄩ搩銆?| 闂ㄩ搩鍗婂鑷搷=鎺ヨЕ/绾胯矾鏁呴殰锛屽悓涓€棰?
    鍒犲簳: 闂ㄩ搩鐨勭數瀛愮嚎璺晠闅滐紝姣忔櫄鍚屼竴鏃堕棿鐭矾瑙﹀彂銆?
    淇濆簳: 闂ㄩ搩鐨勬寜閽帴瑙︿笉鑹紝鏅氫笂娓╁樊瀵艰嚧鎸夐挳瑙﹀彂銆?
--- 鍒?lib_13f7db377f7b銆?93 路 渚忓剴绔炰簤 **姹ゃ€?淇?lib_aac5e74f3bff銆屽崍澶滅殑鏁查棬澹般€?| 灞遍《灏忓眿寮€闂?鎮礀涓嬩汉钀芥按锛涗笖璇ユ潯鏍囬閿欐寕鎴愩€屼緩鍎掔珵浜夈€?
    鍒犲簳: 灏忓眿鐨勯棬寮€鍚戞偓宕栥€傚北鑴氫笅鐨勪汉璐瑰敖鍏ㄥ姏鐖笂鏉ワ紝姝ｈ鏁查棬姹傛晳鏃讹紝闂ㄥ拷鐒舵墦寮€锛屾潵涓嶅強璇磋瘽灏辫鎺ㄤ簡涓嬪幓鈥斺€斾篃鍙兘鍙槸绔欎笉
    淇濆簳: 灞遍《鐨勫皬灞嬬殑闂ㄥ墠鏄偓宕栵紝鎮礀涓嬬殑浜哄ソ涓嶅鏄撴墠鐖笂鏉ワ紝鎯宠鏁查棬姹傛晳銆備竴寮€闂紝灏卞張琚帹浜嗕笅鍘汇€?
--- 鍒?lib_ddcb2a1ef3b9銆屾：鏉愰噷鐨勭伀鏌淬€?淇?lib_b2e6b0296473銆岄€冨嚭鐢熷ぉ銆?| 妫烘潗鍒掔伀鏌磋秺鐙憋紝鍚屼竴缁忓吀棰?
    鍒犲簳: 鐢蜂汉鏄洃鐙遍噷闈㈢殑鍥氱姱銆備粬涓轰簡瓒婄嫳锛岃姳閽变拱閫氫竴涓嫳鍗掋€備粬浠害濂戒笅涓€娆＄洃鐙遍噷鏈変汉姝绘帀锛屽洑鐘氨鍋峰伔韬茶繘妫烘潗閲岄伩杩囩洏鏌?
    淇濆簳: 鐏煷鐨勫厜璁╀粬鐪嬫竻浜嗚韩杈瑰案浣撶殑鑴糕€斺€旈偅鏄濂借鏉ユ寲浠栧嚭鏉ョ殑鍚屼紮銆傚悓浼欏績鑴忕梾鍙戝厛姝讳簡锛岀幇鍦ㄤ粬琚椿鍩嬪湪鍦颁笅锛屾病浜虹煡閬撲粬
--- 鍒?lib_2590ed8fda9c銆屾：鏉愰噷鐨勭伀鍏夈€?淇?lib_b2e6b0296473銆岄€冨嚭鐢熷ぉ銆?| 妫烘潗鍒掔伀鏌磋秺鐙憋紝鍚屼竴缁忓吀棰?
    鍒犲簳: 杩欎釜鐢蜂汉鏄釜鍥氱姱銆備粬鎯宠秺鐙憋紝灏辫娈¤懍浜烘潵甯粬銆傛瘡褰撶洃鐙遍噷鏈変汉姝诲幓锛岃繖鍚嶅洑鐘氨浼氳棌鍦ㄦ：鏉愰噷锛岄殢鐫€灏镐綋涓€璧疯鍩嬪埌鐩戠嫳
    淇濆簳: 鐏煷鐨勫厜璁╀粬鐪嬫竻浜嗚韩杈瑰案浣撶殑鑴糕€斺€旈偅鏄濂借鏉ユ寲浠栧嚭鏉ョ殑鍚屼紮銆傚悓浼欏績鑴忕梾鍙戝厛姝讳簡锛岀幇鍦ㄤ粬琚椿鍩嬪湪鍦颁笅锛屾病浜虹煡閬撲粬
--- 鍒?lib_f63fea0b8942銆屾秷澶辩殑鏅氶銆?淇?lib_cf4df2679f37銆屾秷澶辩殑鏅氶銆?| 鐙楀悆鍏夋櫄椁愶紝cf4 缁嗚妭鏈€鍏?
    鍒犲簳: 瀹堕噷鍏荤殑鐙楄秮浠栦滑杞韩鏃舵妸椋熺墿鍚冨厜浜嗐€?
    淇濆簳: 浠栧吇鐨勭嫍瀛︿細浜嗘妸妞呭瓙褰撹烦鏉匡紝瓒佷粬鍘绘嬁椁愬叿鏃惰烦涓婃锛屾妸鎵€鏈夎彍閮藉悆鍏変簡銆?
--- 鍒?lib_bc9361702fe8銆屾秷澶辩殑鏅氶銆?淇?lib_cf4df2679f37銆屾秷澶辩殑鏅氶銆?| 鐙楄烦涓婃鍚冩櫄椁愶紝鍚屼笂
    鍒犲簳: 浠栫殑鐙楄烦涓婃瀛愭妸椋熺墿鍚冩帀浜嗐€?
    淇濆簳: 浠栧吇鐨勭嫍瀛︿細浜嗘妸妞呭瓙褰撹烦鏉匡紝瓒佷粬鍘绘嬁椁愬叿鏃惰烦涓婃锛屾妸鎵€鏈夎彍閮藉悆鍏変簡銆?
--- 鍒?lib_893f0dea93cd銆屽湴涓嬪鐨勪綆璇€?淇?lib_fb6a80169330銆屾繁澶滅殑鍝０銆?| 姘寸闇囧姩澹板儚浜哄０锛屾堡搴?jac0.30 鍚岃В
    鍒犲簳: 鍦颁笅姘寸涓殑姘存祦闇囧姩锛屽鑷村０闊冲惉璧锋潵鍍忔槸浜哄０浣庤銆?
    淇濆簳: 姘寸涓皵娴侀渿鍔ㄥ彂鍑虹殑澹伴煶锛屽惉璧锋潵鍍忓摥澹般€?

瀹為檯鍒犻櫎: 37 鍓╀綑: 1484
宸插啓 tools/checkup_removed.json
